// Jest Snapshot v1, https://goo.gl/fbAQLP

exports[`Navbar component Should display the component correctly 1`] = `
<nav class="navbar bg-primary"><a class="navbar-brand text-white" href=""><img src="" alt="Vue Logo" class="d-inline-block align-text-top mx-2" height="24"> Juan Carlos</a>
  <div class="d-flex"><button class="btn btn-outline-info"><i class="fa fa-sign-out-alt"></i></button></div>
</nav>
`;
